[now.gg/apps/roblox-corporation/5349/roblox.html]
[www.googletagservices.com/tag/js/f.txt]
[www.googletagmanager.com/gtmb819.js]
[now.gg/choice1ed7.js]
[backblue.gif]
[fade.gif]
[index.html]
[now.gg/4/play/assets/_next/static/css/3d0ae4c613f4697f.css]
[now.gg/4/play/assets/_next/static/chunks/polyfills-5cd94c89d3acac5f.js]
[now.gg/4/play/assets/_next/static/chunks/webpack-863ad52a87b32f60.js]
[now.gg/4/play/assets/_next/static/chunks/framework-0e1b29c5be962d52.js]
[now.gg/4/play/assets/_next/static/chunks/main-d59f0ad61824b1ab.js]
[now.gg/4/play/assets/_next/static/chunks/29107295-9f8d41ddc6a12863.js]
[now.gg/4/play/assets/_next/static/chunks/744-820c4e9d6c74878d.js]
[now.gg/4/play/assets/_next/static/chunks/935-4b9e2d1de342a001.js]
[now.gg/4/play/assets/_next/static/chunks/791-9b9ba1ed595f533a.js]
[now.gg/4/play/assets/_next/static/chunks/387-f6254b434f9fd859.js]
[now.gg/4/play/assets/_next/static/chunks/537-81b37208dbf95f13.js]
[now.gg/4/play/assets/_next/static/chunks/977-ec7a464880d8438b.js]
[now.gg/4/play/assets/_next/static/chunks/880-d27f1c351dda280d.js]
[now.gg/4/play/assets/_next/static/chunks/529-d33b063f103b8046.js]
[now.gg/4/play/assets/_next/static/chunks/494-e7c021431b225927.js]
[now.gg/4/play/assets/_next/static/chunks/pages/apps/[dev-slug]/[id]/[pub-slug]-20e85a1abae18492.js]
[now.gg/4/play/assets/_next/static/hYwyX6eoqb0OVWs2wk_ns/_buildManifest.js]
[now.gg/4/play/assets/_next/static/hYwyX6eoqb0OVWs2wk_ns/_ssgManifest.js]
[now.gg/4/play/assets/_next/static/hYwyX6eoqb0OVWs2wk_ns/_middlewareManifest.js]
[cms-cdn.now.gg/cms-media/2023/07/TypeBrowse-1.png]
[cms-cdn.now.gg/cms-media/2023/07/TypeSimulation.png]
[cms-cdn.now.gg/cms-media/2023/07/TypeCasual.png]
[cms-cdn.now.gg/cms-media/2023/07/TypeStrategy.png]
[cms-cdn.now.gg/cms-media/2023/07/TypeRPG.png]
[cms-cdn.now.gg/cms-media/2023/07/TypeAction-1.png]
[cms-cdn.now.gg/cms-media/2023/07/TypePuzzle.png]
[cms-cdn.now.gg/cms-media/2023/07/TypeAdventure-1.png]
[cms-cdn.now.gg/cms-media/2023/07/TypeSports.png]
[cms-cdn.now.gg/cms-media/2023/07/TypeArcade-1.png]
[cms-cdn.now.gg/cms-media/2023/07/TypeCasino-1.png]
[cms-cdn.now.gg/cms-media/2023/07/TypeCard-1.png]
[now.gg/4/play/assets/_next/static/chunks/pages/_app-6b4509ba4647772b.js]
[cms-cdn.now.gg/cms-media/2023/07/TypeSocial.png]
[cms-cdn.now.gg/cms-media/2023/07/TypeRacing.png]
[cms-cdn.now.gg/cms-media/2023/07/TypeEntertainment.png]
[cms-cdn.now.gg/cms-media/2023/06/cat-ico.jpg]
[cms-cdn.now.gg/cms-media/2023/07/TypeWord.png]
[cms-cdn.now.gg/cms-media/2023/07/TypeEducational.png]
[cms-cdn.now.gg/cms-media/2023/10/Communication.png]
[cms-cdn.now.gg/cms-media/2023/07/TypeBoard-1.png]
[cms-cdn.now.gg/cms-media/2023/10/Shopping.png]
[cms-cdn.now.gg/cms-media/2024/03/TypeCasual-SizeLarge.png]
[cms-cdn.now.gg/cms-media/2023/07/TypeMultiplayer.png]
[cms-cdn.now.gg/cms-media/2024/03/TypePuzzle-SizeLarge.png]
[cms-cdn.now.gg/cms-media/2024/03/TypeAction-SizeLarge.png]
[cms-cdn.now.gg/cms-media/2024/03/TypeAdventure-SizeLarge.png]
[cms-cdn.now.gg/cms-media/2024/03/TypeStrategy-SizeLarge.png]
[cms-cdn.now.gg/cms-media/2024/03/TypeArcade-SizeLarge.png]
[cms-cdn.now.gg/cms-media/2024/03/TypeSkill-SizeLarge.png]
[cms-cdn.now.gg/cms-media/2024/03/TypeBattle-SizeLarge.png]
[cms-cdn.now.gg/cms-media/2023/07/TypeShooting.png]
[cms-cdn.now.gg/cms-media/2023/07/Type3d.png]
[cms-cdn.now.gg/cms-media/2024/03/TypeSimulation-SizeLarge.png]
[cms-cdn.now.gg/cms-media/2024/03/TypeShooter-SizeLarge.png]
[cms-cdn.now.gg/cms-media/2023/07/TypeIdle.png]
[cms-cdn.now.gg/cms-media/2024/04/Unblocked-Icon.png]
[cms-cdn.now.gg/cms-media/2024/03/TypeObstacle-SizeLarge.png]
[cms-cdn.now.gg/cms-media/2024/03/TypeSports-SizeLarge.png]
[cms-cdn.now.gg/cms-media/2024/03/TypeRPG-SizeLarge.png]
[cms-cdn.now.gg/cms-media/2023/07/TypeCar.png]
[cms-cdn.now.gg/cms-media/2024/03/TypeSurvival-SizeLarge.png]
[cms-cdn.now.gg/cms-media/2024/03/TypeRacing-SizeLarge.png]
[cms-cdn.now.gg/cms-media/2024/03/TypeManagement-SizeLarge.png]
[cms-cdn.now.gg/cms-media/2024/03/TypeCard-SizeLarge.png]
[cms-cdn.now.gg/cms-media/2024/03/TypeEntertainment-SizeLarge.png]
[cms-cdn.now.gg/cms-media/2023/07/TypeAnime.png]
[cms-cdn.now.gg/cms-media/2023/07/TypeBuilding.png]
[cms-cdn.now.gg/cms-media/2024/03/TypeClassic-SizeLarge.png]
[cms-cdn.now.gg/cms-media/2024/03/Type.io-SizeLarge-1.png]
[cms-cdn.now.gg/cms-media/2024/03/TypeRPG-SizeLarge-1.png]
[cms-cdn.now.gg/cms-media/2024/03/TypeRunner-SizeLarge.png]
[cms-cdn.now.gg/cms-media/2023/07/TypeRunning.png]
[cms-cdn.now.gg/cms-media/2023/07/TypeTower.png]
[cms-cdn.now.gg/cms-media/2024/03/TypeBoard-SizeLarge.png]
[cms-cdn.now.gg/cms-media/2024/03/TypeDriving-SizeLarge.png]
[cms-cdn.now.gg/cms-media/2023/07/TypeAnimals.png]
[cms-cdn.now.gg/cms-media/2024/03/TypeJumping-SizeLarge.png]
[cms-cdn.now.gg/cms-media/2024/03/TypeMerge-SizeLarge.png]
[cms-cdn.now.gg/cms-media/2024/03/Type2D-SizeLarge.png]
[cms-cdn.now.gg/cms-media/2024/03/TypeFlash-SizeLarge.png]
[cms-cdn.now.gg/cms-media/2023/07/TypeWar.png]
[cms-cdn.now.gg/cms-media/2023/07/TypeGun.png]
[cms-cdn.now.gg/cms-media/2023/07/TypeMatching.png]
[cms-cdn.now.gg/cms-media/2024/03/TypeAddictive-SizeLarge.png]
[cms-cdn.now.gg/cms-media/2024/03/TypeStickman-SizeLarge.png]
[cms-cdn.now.gg/cms-media/2024/03/TypeCartoon-SizeLarge.png]
[cms-cdn.now.gg/cms-media/2023/07/TypeSolitaire.png]
[cms-cdn.now.gg/cms-media/2023/07/TypeFashion.png]
[cms-cdn.now.gg/cms-media/2024/03/Type1-Player-Games-SizeLarge.png]
[cms-cdn.now.gg/cms-media/2024/03/TypeMouse-SizeLarge.png]
[cms-cdn.now.gg/cms-media/2023/07/TypeMonster.png]
[cms-cdn.now.gg/cms-media/2024/03/TypeSandbox-SizeLarge.png]
[cms-cdn.now.gg/cms-media/2024/03/TypeFood-SizeLarge.png]
[cms-cdn.now.gg/cms-media/2024/03/TypePixel-SizeLarge.png]
[cms-cdn.now.gg/cms-media/2024/03/TypeFighting-SizeLarge.png]
[cms-cdn.now.gg/cms-media/2024/03/TypeMahjong-SizeLarge.png]
[cms-cdn.now.gg/cms-media/2024/03/TypeMystery-SizeLarge.png]
[cms-cdn.now.gg/cms-media/2024/03/TypeBall-SizeLarge.png]
[cms-cdn.now.gg/cms-media/2024/03/TypeColor-SizeLarge.png]
[cms-cdn.now.gg/cms-media/2023/07/TypeFunny.png]
[cms-cdn.now.gg/cms-media/2024/03/TypeCombat-SizeLarge.png]
[cms-cdn.now.gg/cms-media/2023/07/TypeZombie.png]
[cms-cdn.now.gg/cms-media/2024/03/TypePhysics-SizeLarge.png]
[cms-cdn.now.gg/cms-media/2024/03/TypeChristmas-SizeLarge.png]
[cms-cdn.now.gg/cms-media/2024/03/TypeDefense-SizeLarge.png]
[cms-cdn.now.gg/cms-media/2024/03/TypeDress-Up-SizeLarge.png]
[cms-cdn.now.gg/cms-media/2024/03/TypeMatch-3-SizeLarge.png]
[cms-cdn.now.gg/cms-media/2024/03/TypeRestaurant-SizeLarge.png]
[cms-cdn.now.gg/cms-media/2024/03/TypeSoccer-SizeLarge.png]
[cms-cdn.now.gg/cms-media/2024/03/TypeCooking-SizeLarge.png]
[cms-cdn.now.gg/cms-media/2024/03/TypeFootball-SizeLarge.png]
[cms-cdn.now.gg/cms-media/2024/03/TypeMMORPG-SizeLarge.png]
[cms-cdn.now.gg/cms-media/2024/03/Type2048-SizeLarge.png]
[cms-cdn.now.gg/cms-media/2024/03/TypeCollect-SizeLarge.png]
[cms-cdn.now.gg/cms-media/2024/03/TypeWord-SizeLarge.png]
[cms-cdn.now.gg/cms-media/2024/03/TypeFantasy-SizeLarge.png]
[cms-cdn.now.gg/cms-media/2023/07/TypeHorror.png]
[cms-cdn.now.gg/cms-media/2023/07/TypeRetro.png]
[cms-cdn.now.gg/cms-media/2024/03/TypeOne-button-SizeLarge.png]
[cms-cdn.now.gg/cms-media/2024/03/TypeParkour-SizeLarge.png]
[cms-cdn.now.gg/cms-media/2024/03/TypeBasketball-SizeLarge.png]
[cms-cdn.now.gg/cms-media/2024/03/TypeCrafting-SizeLarge.png]
[cms-cdn.now.gg/cms-media/2024/03/TypePapa-Louie-SizeLarge.png]
[cms-cdn.now.gg/cms-media/2024/03/TypeTactical-Roleplaying-SizeLarge.png]
[cms-cdn.now.gg/cms-media/2024/03/TypeUpgrade-SizeLarge.png]
[cms-cdn.now.gg/cms-media/2024/03/TypeLife-SizeLarge.png]
[cms-cdn.now.gg/cms-media/2024/03/TypeFarming-SizeLarge.png]
[cms-cdn.now.gg/cms-media/2023/07/TypeDragon.png]
[cms-cdn.now.gg/cms-media/2024/03/TypeKilling-SizeLarge.png]
[cms-cdn.now.gg/cms-media/2023/07/TypeTycoon.png]
[cms-cdn.now.gg/cms-media/2024/03/TypePlatform-SizeLarge.png]
[cms-cdn.now.gg/cms-media/2024/03/TypeStory-SizeLarge.png]
[cms-cdn.now.gg/cms-media/2024/03/TypeTactics-SizeLarge.png]
[cms-cdn.now.gg/cms-media/2024/03/TypeDinosaur-SizeLarge.png]
[cms-cdn.now.gg/cms-media/2024/03/TypeVehicle-SizeLarge.png]
[cms-cdn.now.gg/cms-media/2024/03/TypeHero-SizeLarge.png]
[cms-cdn.now.gg/cms-media/2023/07/TypeFarm.png]
[cms-cdn.now.gg/cms-media/2023/07/TypeMakeover.png]
[cms-cdn.now.gg/cms-media/2023/07/TypeMagic.png]
[cms-cdn.now.gg/cms-media/2024/03/TypeArt-SizeLarge.png]
[cms-cdn.now.gg/cms-media/2024/03/TypeSpeed-SizeLarge.png]
[cms-cdn.now.gg/cms-media/2024/03/TypeCar-racing-SizeLarge.png]
[cms-cdn.now.gg/cms-media/2024/03/TypeClicker-SizeLarge.png]
[cms-cdn.now.gg/cms-media/2024/03/TypeTactical-SizeLarge.png]
[cms-cdn.now.gg/cms-media/2024/03/TypeEscape-the-room-SizeLarge.png]
[cms-cdn.now.gg/cms-media/2024/03/TypeFirst-Person-Shooter-SizeLarge.png]
[cms-cdn.now.gg/cms-media/2023/07/TypeMusic-1.png]
[cms-cdn.now.gg/cms-media/2024/03/TypeInteractive-Story-SizeLarge.png]
[cms-cdn.now.gg/cms-media/2024/03/TypeLogic-SizeLarge.png]
[cms-cdn.now.gg/cms-media/2024/03/Type2-Player-Games-SizeLarge.png]
[cms-cdn.now.gg/cms-media/2024/03/Type4X-SizeLarge.png]
[cms-cdn.now.gg/cms-media/2024/03/TypeRogue-SizeLarge.png]
[cms-cdn.now.gg/cms-media/2024/03/TypeArchery-SizeLarge.png]
[cms-cdn.now.gg/cms-media/2024/03/TypeBattle-Royale-SizeLarge.png]
[cms-cdn.now.gg/cms-media/2024/03/TypeSpace-SizeLarge.png]
[cms-cdn.now.gg/cms-media/2024/03/TypeCandy-SizeLarge.png]
[cms-cdn.now.gg/cms-media/2024/03/TypeCasino-SizeLarge.png]
[cms-cdn.now.gg/cms-media/2024/03/TypeCity-building-SizeLarge.png]
[cms-cdn.now.gg/cms-media/2024/03/TypeDungeon-SizeLarge.png]
[cms-cdn.now.gg/cms-media/2024/03/TypeFish-SizeLarge.png]
[cms-cdn.now.gg/cms-media/2024/03/TypeFPS-SizeLarge.png]
[cms-cdn.now.gg/cms-media/2023/10/Lifestyle.png]
[cms-cdn.now.gg/cms-media/2023/07/TypeQuiz.png]
[cms-cdn.now.gg/cms-media/2024/03/TypeMinecraft-SizeLarge.png]
[cms-cdn.now.gg/cms-media/2024/03/TypePet-SizeLarge.png]
[cms-cdn.now.gg/cms-media/2024/03/TypePool-SizeLarge.png]
[cms-cdn.now.gg/cms-media/2024/03/TypeAbstract-SizeLarge.png]
[cms-cdn.now.gg/cms-media/2024/03/TypeScary-SizeLarge.png]
[cms-cdn.now.gg/cms-media/2024/03/TypeSnake-SizeLarge.png]
[cms-cdn.now.gg/cms-media/2024/03/TypeStunt-SizeLarge.png]
[cms-cdn.now.gg/cms-media/2024/03/TypeTable-SizeLarge.png]
[cms-cdn.now.gg/cms-media/2024/03/TypeTennis-SizeLarge.png]
[cms-cdn.now.gg/cms-media/2024/03/TypeCard-Battle-SizeLarge.png]
[cms-cdn.now.gg/cms-media/2024/03/TypeTrivia-SizeLarge.png]
[cms-cdn.now.gg/cms-media/2024/03/TypeWeapon-SizeLarge.png]
[cms-cdn.now.gg/cms-media/2024/03/TypeDog-SizeLarge.png]
[cms-cdn.now.gg/cms-media/2024/03/TypeDrawing-SizeLarge.png]
[cms-cdn.now.gg/cms-media/2024/03/TypeEducational-SizeLarge.png]
[cms-cdn.now.gg/cms-media/2023/07/TypeCat.png]
[cms-cdn.now.gg/cms-media/2024/03/TypeHypercasual-SizeSmall.png]
[cms-cdn.now.gg/cms-media/2024/03/TypeJigsaw-Puzzle-SizeLarge.png]
[cms-cdn.now.gg/cms-media/2023/07/TypeHair.png]
[cms-cdn.now.gg/cms-media/2023/07/TypeSlot.png]
[cms-cdn.now.gg/cms-media/2024/03/TypeMinng-SizeLarge.png]
[cms-cdn.now.gg/cms-media/2024/03/TypeRelaxed-SizeLarge.png]
[cms-cdn.now.gg/cms-media/2024/03/TypeRobot-SizeLarge.png]
[cms-cdn.now.gg/cms-media/2024/03/TypeArena-SizeLarge.png]
[cms-cdn.now.gg/cms-media/2024/03/TypeSlot-machine-SizeLarge.png]
[cms-cdn.now.gg/cms-media/2024/03/TypeSocial-SizeLarge.png]
[cms-cdn.now.gg/cms-media/2024/03/TypeTime-management-SizeLarge.png]
[cms-cdn.now.gg/cms-media/2024/03/TypeChess-SizeLarge.png]
[cms-cdn.now.gg/cms-media/2024/03/TypeCute-SizeLarge.png]
[cms-cdn.now.gg/cms-media/2024/03/TypeEducation-SizeLarge.png]
[cms-cdn.now.gg/cms-media/2024/03/TypeDrifting-SizeLarge.png]
[cms-cdn.now.gg/cms-media/2024/03/TypeJewel-SizeLarge.png]
[cms-cdn.now.gg/cms-media/2024/03/TypeMath-SizeLarge.png]
[cms-cdn.now.gg/cms-media/2024/03/TypeMaze-SizeLarge.png]
[cms-cdn.now.gg/cms-media/2024/03/TypeParking-SizeLarge.png]
[cms-cdn.now.gg/cms-media/2024/03/TypeSpaceship-SizeLarge.png]
[cms-cdn.now.gg/cms-media/2024/03/TypeBlock-SizeLarge.png]
[cms-cdn.now.gg/cms-media/2024/03/TypeTruck-SizeLarge.png]
[cms-cdn.now.gg/cms-media/2024/03/Typeconstruction-SizeLarge.png]
[cms-cdn.now.gg/cms-media/2024/03/TypeDance-SizeLarge.png]
[cms-cdn.now.gg/cms-media/2024/03/TypeDating-Simulation-SizeLarge.png]
[cms-cdn.now.gg/cms-media/2024/03/TypeDice-SizeLarge.png]
[cms-cdn.now.gg/cms-media/2024/03/TypeCare-SizeLarge.png]
[cms-cdn.now.gg/cms-media/2024/03/TypeFlying-SizeLarge.png]
[cms-cdn.now.gg/cms-media/2024/03/TypeGolf-SizeLarge.png]
[cms-cdn.now.gg/cms-media/2024/03/TypeHelicopter-SizeLarge.png]
[cms-cdn.now.gg/cms-media/2024/03/TypeHidden-Object-SizeLarge.png]
[cms-cdn.now.gg/cms-media/2024/03/TypeHorse-SizeLarge.png]
[cms-cdn.now.gg/cms-media/2024/03/TypeJigsaw-SizeLarge.png]
[cms-cdn.now.gg/cms-media/2024/03/TypeJump-Scare-SizeLarge.png]
[cms-cdn.now.gg/cms-media/2024/03/TypeMafia-SizeLarge.png]
[cms-cdn.now.gg/cms-media/2024/03/TypePirate-SizeLarge.png]
[cms-cdn.now.gg/cms-media/2024/03/TypePoker-SizeLarge.png]
[cms-cdn.now.gg/cms-media/2024/03/TypeRocket-SizeLarge.png]
[cms-cdn.now.gg/cms-media/2024/03/TypeAI-SizeLarge.png]
[cms-cdn.now.gg/cms-media/2024/03/TypeAlien-SizeLarge.png]
[cms-cdn.now.gg/cms-media/2024/03/TypeShoot-em-up-SizeLarge.png]
[cms-cdn.now.gg/cms-media/2024/03/TypeBike-SizeLarge.png]
[cms-cdn.now.gg/cms-media/2024/03/TypeSurvival-Horror-SizeLarge.png]
[cms-cdn.now.gg/cms-media/2024/03/TypeSword-SizeLarge.png]
[cms-cdn.now.gg/cms-media/2024/03/TypeTactical-Shooter-SizeLarge.png]
[cms-cdn.now.gg/cms-media/2024/03/TypeTank-SizeLarge.png]
[cms-cdn.now.gg/cms-media/2024/03/TypeThird-person-shooter-SizeLarge.png]
[cms-cdn.now.gg/cms-media/2024/03/TypeColoring-games-SizeLarge.png]
[cms-cdn.now.gg/cms-media/2024/03/TypeWebGL-SizeLarge.png]
[cms-cdn.now.gg/cms-media/2024/03/TypeMakeup-SizeLarge.png]
[cms-cdn.now.gg/cms-media/2024/03/TypeMinigames-SizeLarge.png]
[cms-cdn.now.gg/cms-media/2024/03/TypeGrow-SizeLarge.png]
[cms-cdn.now.gg/cms-media/2024/03/TypeHalloween-SizeLarge.png]
[cms-cdn.now.gg/cms-media/2024/03/TypeHenry-Stickmin-SizeLarge.png]
[cms-cdn.now.gg/cms-media/2023/07/TypeMedivial.png]
[cms-cdn.now.gg/cms-media/2024/03/TypeLove-SizeLarge.png]
[cms-cdn.now.gg/cms-media/2024/03/TypeMathematics-SizeLarge.png]
[cms-cdn.now.gg/cms-media/2024/03/TypeMini-SizeLarge.png]
[cms-cdn.now.gg/cms-media/2024/03/TypeMonster-Truck-SizeLarge.png]
[cms-cdn.now.gg/cms-media/2024/03/TypeNinja-SizeLarge.png]
[cms-cdn.now.gg/cms-media/2024/03/TypePhysics-based-games-SizeLarge-1.png]
[cms-cdn.now.gg/cms-media/2024/03/TypePizza-SizeLarge.png]
[cms-cdn.now.gg/cms-media/2024/03/TypeRagdoll-SizeLarge.png]
[cms-cdn.now.gg/cms-media/2024/03/TypeAirplane-SizeLarge.png]
[cms-cdn.now.gg/cms-media/2024/03/TypeAmerican-football-SizeLarge.png]
[cms-cdn.now.gg/cms-media/2024/03/TypeShop-SizeLarge.png]
[cms-cdn.now.gg/cms-media/2024/03/TypeSide-scroll-SizeLarge.png]
[cms-cdn.now.gg/cms-media/2024/03/TypeSkiing-SizeLarge.png]
[cms-cdn.now.gg/cms-media/2024/03/TypeBattle-arena-SizeLarge.png]
[cms-cdn.now.gg/cms-media/2024/03/TypeSniper-SizeLarge.png]
[cms-cdn.now.gg/cms-media/2024/03/TypeBilliards-SizeLarge.png]
[cms-cdn.now.gg/cms-media/2024/03/TypeBloody-SizeLarge.png]
[cms-cdn.now.gg/cms-media/2024/03/TypeSuperhero-SizeLarge.png]
[cms-cdn.now.gg/cms-media/2024/03/TypeSurgery-SizeLarge.png]
[cms-cdn.now.gg/cms-media/2024/03/TypeCake-SizeLarge.png]
[cms-cdn.now.gg/cms-media/2024/03/TypeCar-Simulator-SizeLarge.png]
[cms-cdn.now.gg/cms-media/2024/03/TypeTetris-SizeLarge.png]
[cms-cdn.now.gg/cms-media/2024/03/TypeTraffic-SizeLarge.png]
[cms-cdn.now.gg/cms-media/2024/03/TypeTrain-SizeLarge.png]
[cms-cdn.now.gg/cms-media/2024/03/TypeController-SizeLarge.png]
[cms-cdn.now.gg/cms-media/2024/03/TypeViking-SizeLarge.png]
[cms-cdn.now.gg/cms-media/2024/03/TypeCricket-SizeLarge.png]
[cms-cdn.now.gg/cms-media/2024/03/TypeCrossword-SizeLarge.png]
[cms-cdn.now.gg/cms-media/2024/03/TypeDental-SizeLarge.png]
[cms-cdn.now.gg/cms-media/2024/03/TypeDestroy-SizeLarge.png]
[cms-cdn.now.gg/cms-media/2024/03/TypeWorldcup-SizeLarge.png]
[cms-cdn.now.gg/cms-media/2024/03/TypeWorld-War-SizeLarge.png]
[cms-cdn.now.gg/cms-media/2024/03/TypeWorm-SizeLarge.png]
[cms-cdn.now.gg/cms-media/2024/03/TypeDifficult-SizeLarge.png]
[cms-cdn.now.gg/cms-media/2024/03/TypeDoctor-SizeLarge.png]
[cms-cdn.now.gg/cms-media/2024/03/TypePersonalization-SizeLarge.png]
[cms-cdn.now.gg/cms-media/2024/03/TypeFive-Nights-at-Freddys-SizeLarge.png]
[cms-cdn.now.gg/cms-media/2024/03/TypeHack-Slash-SizeLarge.png]
[cms-cdn.now.gg/cms-media/2024/03/TypeIncremental-SizeLarge.png]
[cms-cdn.now.gg/cms-media/2023/07/TypeLudo.png]
[cms-cdn.now.gg/cms-media/2024/03/TypeKart-SizeLarge.png]
[cms-cdn.now.gg/cms-media/2024/03/TypeLaunch-SizeLarge.png]
[cms-cdn.now.gg/cms-media/2023/07/TypeSudoku.png]
[cms-cdn.now.gg/cms-media/2024/03/TypeMOBA-SizeLarge.png]
[cms-cdn.now.gg/cms-media/2024/03/TypePenguin-SizeLarge.png]
[cms-cdn.now.gg/cms-media/2024/03/TypePinball-SizeLarge.png]
[cms-cdn.now.gg/cms-media/2024/03/TypePolice-SizeLarge.png]
[cms-cdn.now.gg/cms-media/2024/03/TypePrincess-SizeLarge.png]
[cms-cdn.now.gg/cms-media/2024/03/TypeRally-SizeLarge.png]
[cms-cdn.now.gg/cms-media/2024/03/TypeRhythymic-SizeLarge.png]
[cms-cdn.now.gg/cms-media/2024/03/TypeRun-and-gun-SizeLarge.png]
[cms-cdn.now.gg/cms-media/2024/03/TypeSci-Fi-SizeLarge.png]
[cms-cdn.now.gg/cms-media/2024/03/TypeScratch-SizeLarge.png]
[cms-cdn.now.gg/cms-media/2024/03/TypeShark-SizeLarge.png]
[cms-cdn.now.gg/cms-media/2024/03/TypeSkateboard-SizeLarge.png]
[cms-cdn.now.gg/cms-media/2024/03/TypeSkateboarding-SizeLarge.png]
[cms-cdn.now.gg/cms-media/2024/03/TypeBaseball-SizeLarge.png]
[cms-cdn.now.gg/cms-media/2024/03/TypeSnow-SizeLarge.png]
[cms-cdn.now.gg/cms-media/2024/03/TypeBlack-jack-SizeLarge.png]
[cms-cdn.now.gg/cms-media/2024/03/TypeBMX-SizeLarge.png]
[cms-cdn.now.gg/cms-media/2024/03/TypeStacking-SizeLarge.png]
[cms-cdn.now.gg/cms-media/2024/03/TypeBubble-Shooter-SizeLarge.png]
[cms-cdn.now.gg/cms-media/2024/03/TypeBus-SizeLarge.png]
[cms-cdn.now.gg/cms-media/2024/03/TypeBusiness-SizeLarge.png]
[cms-cdn.now.gg/cms-media/2024/03/TypeCanon-SizeLarge.png]
[cms-cdn.now.gg/cms-media/2024/03/TypeTop-down-SizeLarge.png]
[cms-cdn.now.gg/cms-media/2024/03/TypeCo-op-SizeLarge.png]
[cms-cdn.now.gg/cms-media/2024/03/TypeCollectible-card-SizeLarge.png]
[cms-cdn.now.gg/cms-media/2024/03/TypeTruck-racing-SizeLarge.png]
[cms-cdn.now.gg/cms-media/2024/03/TypeCombat-sports-SizeLarge-1.png]
[cms-cdn.now.gg/cms-media/2024/03/TypeConnect-SizeLarge.png]
[cms-cdn.now.gg/cms-media/2024/03/TypeTurn-based-SizeLarge.png]
[cms-cdn.now.gg/cms-media/2024/03/TypeVampire-SizeLarge.png]
[cms-cdn.now.gg/cms-media/2024/03/TypeCrazy-SizeLarge.png]
[cms-cdn.now.gg/cms-media/2024/03/TypeWater-SizeLarge.png]
[cms-cdn.now.gg/cms-media/2024/03/TypeWinter-Sports-SizeLarge.png]
[cms-cdn.now.gg/cms-media/2024/03/TypeDesign-SizeLarge.png]
[cms-cdn.now.gg/cms-media/2024/03/TypeWrestling-SizeLarge.png]
[cms-cdn.now.gg/cms-media/2024/03/TypeDomino-SizeLarge.png]
[cms-cdn.now.gg/cms-media/2024/03/TypeFlight-SizeLarge.png]
[cms-cdn.now.gg/cms-media/2024/03/TypeVideo-Players-Editors-SizeLarge.png]
[cms-cdn.now.gg/cms-media/2024/03/TypeFireboy-Watergirl-SizeLarge.png]
[cms-cdn.now.gg/cms-media/2024/03/TypeFishing-SizeLarge.png]
[cms-cdn.now.gg/cms-media/2024/03/TypeFormula-1-SizeLarge.png]
[cms-cdn.now.gg/cms-media/2024/03/TypeGangster-SizeLarge.png]
[cms-cdn.now.gg/cms-media/2024/03/TypeGravity-SizeLarge.png]
[cms-cdn.now.gg/cms-media/2024/03/TypeHockey-SizeLarge.png]
[cms-cdn.now.gg/cms-media/2024/03/TypeHospital-SizeLarge.png]
[cms-cdn.now.gg/cms-media/2024/03/TypeHunting-SizeLarge.png]
[cms-cdn.now.gg/cms-media/2024/03/TypeJapanese-SizeLarge.png]
[cms-cdn.now.gg/cms-media/2024/03/TypeKogama-SizeLarge.png]
[cms-cdn.now.gg/cms-media/2024/03/TypeMahjong-Solitaire-SizeLarge.png]
[cms-cdn.now.gg/cms-media/2024/03/TypeMake-up-SizeLarge.png]
[cms-cdn.now.gg/cms-media/2024/03/TypeMemory-SizeLarge.png]
[cms-cdn.now.gg/cms-media/2024/03/TypePanda-SizeLarge.png]
[cms-cdn.now.gg/cms-media/2024/03/TypePenalty-SizeLarge.png]
[cms-cdn.now.gg/cms-media/2024/03/TypePiano-SizeLarge.png]
[cms-cdn.now.gg/cms-media/2024/03/TypePoint-and-click-SizeLarge.png]
[now.gg/4/play/assets/_next/static/media/hue.e6540d39.png]
[cdn.now.gg/nowgg-static/hue.png]
[now.gg/apps/roblox-corporation/5349/roblox.html]
[cdn.now.gg/nowgg-static/fonts/fonts.css]
[now.gg/choice1ed7.html]
[now.gg/4/play/assets/_next/static/css/3d0ae4c613f4697f.css]
[cdn.now.gg/nowgg-static/fonts/icomoon40fb.eot]
[cdn.now.gg/nowgg-static/fonts/icomoon40fb.ttf]
[cdn.now.gg/nowgg-static/fonts/icomoon40fb.woff]
[cdn.now.gg/nowgg-static/fonts/fonts.css]
[cdn.now.gg/nowgg-static/fonts/icomoon40fb.svg]
